[2026-07-20 01:28:53,156] [ContentCreator] INFO: ✅ global_config.json başarıyla yüklendi
[2026-07-20 01:28:53,156] [ContentCreator] INFO: 🚀 ContentCreator başlatılıyor...
[2026-07-20 01:28:53,156] [ContentCreator] INFO: 📁 Agent ID: None
[2026-07-20 01:28:53,172] [ContentCreator] INFO: 📝 İçerik tipi: {}
[2026-07-20 01:28:53,172] [ContentCreator] INFO: 🎯 Varsayılan konu: {}
[2026-07-20 01:28:53,172] [MASTER_CONTROLLER] INFO: ✅ 'ContentCreatorAgent' (trm_agents.content_creator_agent) initialize edildi.
[2026-07-20 01:28:53,172] [utils.config_loader] INFO: Config yüklendi: C:\Users\Habitat\Desktop\SOSYAL _İMECE\config\global_config.json, max ajan sayısı: 165
[2026-07-20 01:28:53,172] [MASTER_CONTROLLER] INFO: ✅ 'FinansAgent' (trm_agents.finans_agent) initialize edildi.
[2026-07-20 01:28:53,172] [MASTER_CONTROLLER] INFO: ✅ 'TRMGlobalAffiliateRecruiterAgent' (trm_agents.global_affiliate_recruiter_agent) initialize edildi.
[2026-07-20 01:28:53,172] [MASTER_CONTROLLER] INFO: ✅ 'TRMHumanAuditorAgent' (trm_agents.human_auditor_agent) initialize edildi.
[2026-07-20 01:28:53,172] [utils.config_loader] INFO: Config yüklendi: C:\Users\Habitat\Desktop\SOSYAL _İMECE\config\global_config.json, max ajan sayısı: 165
[2026-07-20 01:28:53,172] [MASTER_CONTROLLER] INFO: ✅ 'IcerikAgent' (trm_agents.icerik_agent) initialize edildi.
[2026-07-20 01:29:17,360] [ContentCreator] INFO: ✅ global_config.json başarıyla yüklendi
[2026-07-20 01:29:17,360] [ContentCreator] INFO: 🚀 ContentCreator başlatılıyor...
[2026-07-20 01:29:17,360] [ContentCreator] INFO: 📁 Agent ID: None
[2026-07-20 01:29:17,360] [ContentCreator] INFO: 📝 İçerik tipi: {}
[2026-07-20 01:29:17,360] [ContentCreator] INFO: 🎯 Varsayılan konu: {}
[2026-07-20 01:29:17,360] [MASTER_CONTROLLER] INFO: ✅ 'ContentCreatorAgent' (trm_agents.content_creator_agent) initialize edildi.
[2026-07-20 01:29:17,360] [utils.config_loader] INFO: Config yüklendi: C:\Users\Habitat\Desktop\SOSYAL _İMECE\config\global_config.json, max ajan sayısı: 165
[2026-07-20 01:29:17,360] [MASTER_CONTROLLER] INFO: ✅ 'FinansAgent' (trm_agents.finans_agent) initialize edildi.
[2026-07-20 01:29:17,360] [MASTER_CONTROLLER] INFO: ✅ 'TRMGlobalAffiliateRecruiterAgent' (trm_agents.global_affiliate_recruiter_agent) initialize edildi.
[2026-07-20 01:29:17,360] [MASTER_CONTROLLER] INFO: ✅ 'TRMHumanAuditorAgent' (trm_agents.human_auditor_agent) initialize edildi.
[2026-07-20 01:29:17,360] [utils.config_loader] INFO: Config yüklendi: C:\Users\Habitat\Desktop\SOSYAL _İMECE\config\global_config.json, max ajan sayısı: 165
[2026-07-20 01:29:17,360] [MASTER_CONTROLLER] INFO: ✅ 'IcerikAgent' (trm_agents.icerik_agent) initialize edildi.
[2026-07-23 14:08:52,076] [ContentCreator] INFO: ✅ global_config.json başarıyla yüklendi
[2026-07-23 14:08:52,078] [ContentCreator] INFO: 🚀 ContentCreator başlatılıyor...
[2026-07-23 14:08:52,079] [ContentCreator] INFO: 📁 Agent ID: None
[2026-07-23 14:08:52,079] [ContentCreator] INFO: 📝 İçerik tipi: {}
[2026-07-23 14:08:52,079] [ContentCreator] INFO: 🎯 Varsayılan konu: {}
[2026-07-23 14:08:52,080] [MASTER_CONTROLLER] INFO: ✅ 'ContentCreatorAgent' (trm_agents.content_creator_agent) initialize edildi.
[2026-07-23 14:08:52,080] [utils.config_loader] INFO: Config yüklendi: C:\Users\Habitat\Desktop\SOSYAL _İMECE\config\global_config.json, max ajan sayısı: 165
[2026-07-23 14:08:52,080] [MASTER_CONTROLLER] INFO: ✅ 'FinansAgent' (trm_agents.finans_agent) initialize edildi.
[2026-07-23 14:08:52,081] [MASTER_CONTROLLER] INFO: ✅ 'TRMGlobalAffiliateRecruiterAgent' (trm_agents.global_affiliate_recruiter_agent) initialize edildi.
[2026-07-23 14:08:52,082] [MASTER_CONTROLLER] INFO: ✅ 'TRMHumanAuditorAgent' (trm_agents.human_auditor_agent) initialize edildi.
[2026-07-23 14:08:52,083] [utils.config_loader] INFO: Config yüklendi: C:\Users\Habitat\Desktop\SOSYAL _İMECE\config\global_config.json, max ajan sayısı: 165
[2026-07-23 14:08:52,083] [MASTER_CONTROLLER] INFO: ✅ 'IcerikAgent' (trm_agents.icerik_agent) initialize edildi.
[2026-07-25 16:54:49,739] [ContentCreator] INFO: ✅ global_config.json başarıyla yüklendi
[2026-07-25 16:54:49,739] [ContentCreator] INFO: 🚀 ContentCreator başlatılıyor...
[2026-07-25 16:54:49,739] [ContentCreator] INFO: 📁 Agent ID: None
[2026-07-25 16:54:49,739] [ContentCreator] INFO: 📝 İçerik tipi: {}
[2026-07-25 16:54:49,739] [ContentCreator] INFO: 🎯 Varsayılan konu: {}
[2026-07-25 16:54:49,739] [MASTER_CONTROLLER] INFO: ✅ 'ContentCreatorAgent' (trm_agents.content_creator_agent) initialize edildi.
[2026-07-25 16:54:49,739] [utils.config_loader] INFO: Config yüklendi: C:\Users\Habitat\Desktop\SOSYAL _İMECE\config\global_config.json, max ajan sayısı: 165
[2026-07-25 16:54:49,739] [FactCheckerAgent-202] INFO: 🔍 FactCheckerAgent-202 başlatılıyor...
[2026-07-25 16:54:49,739] [FactCheckerAgent-202] INFO: 📚 Resmi veri tabanı yüklendi: 10 kayıt
[2026-07-25 16:54:49,739] [FactCheckerAgent-202] INFO: 🚫 Asılsız iddia veritabanı yüklendi: 5 kayıt
[2026-07-25 16:54:49,739] [MASTER_CONTROLLER] INFO: ✅ 'FactCheckerAgent' (trm_agents.fact_checker_agent) initialize edildi.
[2026-07-25 16:54:49,746] [utils.config_loader] INFO: Config yüklendi: C:\Users\Habitat\Desktop\SOSYAL _İMECE\config\global_config.json, max ajan sayısı: 165
[2026-07-25 16:54:49,746] [MASTER_CONTROLLER] INFO: ✅ 'FinansAgent' (trm_agents.finans_agent) initialize edildi.
[2026-07-25 16:54:49,747] [MASTER_CONTROLLER] INFO: ✅ 'TRMGlobalAffiliateRecruiterAgent' (trm_agents.global_affiliate_recruiter_agent) initialize edildi.
[2026-07-25 16:54:49,747] [MASTER_CONTROLLER] INFO: ✅ 'TRMHumanAuditorAgent' (trm_agents.human_auditor_agent) initialize edildi.
[2026-07-25 16:54:49,747] [utils.config_loader] INFO: Config yüklendi: C:\Users\Habitat\Desktop\SOSYAL _İMECE\config\global_config.json, max ajan sayısı: 165
[2026-07-25 16:54:49,747] [MASTER_CONTROLLER] INFO: ✅ 'IcerikAgent' (trm_agents.icerik_agent) initialize edildi.
[2026-07-25 16:54:49,747] [utils.config_loader] INFO: Config yüklendi: C:\Users\Habitat\Desktop\SOSYAL _İMECE\config\global_config.json, max ajan sayısı: 165
[2026-07-25 16:54:49,748] [LegalShieldAgent-203] INFO: ⚖️ LegalShieldAgent-203 başlatılıyor...
[2026-07-25 16:54:49,748] [LegalShieldAgent-203] INFO: 📜 Hukuki altyapı yüklendi: 6 kayıt
[2026-07-25 16:54:49,748] [LegalShieldAgent-203] INFO: 🚫 Hukuki sınıır iftira türleri: 8
[2026-07-25 16:54:49,748] [MASTER_CONTROLLER] INFO: ✅ 'LegalShieldAgent' (trm_agents.legal_shield_agent) initialize edildi.
[2026-07-25 17:23:56,727] [ContentCreator] INFO: ✅ global_config.json başarıyla yüklendi
[2026-07-25 17:23:56,727] [ContentCreator] INFO: 🚀 ContentCreator başlatılıyor...
[2026-07-25 17:23:56,727] [ContentCreator] INFO: 📁 Agent ID: None
[2026-07-25 17:23:56,727] [ContentCreator] INFO: 📝 İçerik tipi: {}
[2026-07-25 17:23:56,727] [ContentCreator] INFO: 🎯 Varsayılan konu: {}
[2026-07-25 17:23:56,727] [MASTER_CONTROLLER] INFO: ✅ 'ContentCreatorAgent' (trm_agents.content_creator_agent) initialize edildi.
[2026-07-25 17:23:56,727] [utils.config_loader] INFO: Config yüklendi: C:\Users\Habitat\Desktop\SOSYAL _İMECE\config\global_config.json, max ajan sayısı: 165
[2026-07-25 17:23:56,727] [FactCheckerAgent-202] INFO: 🔍 FactCheckerAgent-202 başlatılıyor...
[2026-07-25 17:23:56,727] [FactCheckerAgent-202] INFO: 📚 Resmi veri tabanı yüklendi: 10 kayıt
[2026-07-25 17:23:56,727] [FactCheckerAgent-202] INFO: 🚫 Asılsız iddia veritabanı yüklendi: 5 kayıt
[2026-07-25 17:23:56,727] [MASTER_CONTROLLER] INFO: ✅ 'FactCheckerAgent' (trm_agents.fact_checker_agent) initialize edildi.
[2026-07-25 17:23:56,727] [utils.config_loader] INFO: Config yüklendi: C:\Users\Habitat\Desktop\SOSYAL _İMECE\config\global_config.json, max ajan sayısı: 165
[2026-07-25 17:23:56,730] [MASTER_CONTROLLER] INFO: ✅ 'FinansAgent' (trm_agents.finans_agent) initialize edildi.
[2026-07-25 17:23:56,730] [MASTER_CONTROLLER] INFO: ✅ 'TRMGlobalAffiliateRecruiterAgent' (trm_agents.global_affiliate_recruiter_agent) initialize edildi.
[2026-07-25 17:23:56,730] [MASTER_CONTROLLER] INFO: ✅ 'TRMHumanAuditorAgent' (trm_agents.human_auditor_agent) initialize edildi.
[2026-07-25 17:23:56,732] [utils.config_loader] INFO: Config yüklendi: C:\Users\Habitat\Desktop\SOSYAL _İMECE\config\global_config.json, max ajan sayısı: 165
[2026-07-25 17:23:56,732] [MASTER_CONTROLLER] INFO: ✅ 'IcerikAgent' (trm_agents.icerik_agent) initialize edildi.
[2026-07-25 17:23:56,732] [utils.config_loader] INFO: Config yüklendi: C:\Users\Habitat\Desktop\SOSYAL _İMECE\config\global_config.json, max ajan sayısı: 165
[2026-07-25 17:23:56,733] [LegalShieldAgent-203] INFO: ⚖️ LegalShieldAgent-203 başlatılıyor...
[2026-07-25 17:23:56,733] [LegalShieldAgent-203] INFO: 📜 Hukuki altyapı yüklendi: 6 kayıt
[2026-07-25 17:23:56,733] [LegalShieldAgent-203] INFO: 🚫 Hukuki sınıır iftira türleri: 8
[2026-07-25 17:23:56,733] [MASTER_CONTROLLER] INFO: ✅ 'LegalShieldAgent' (trm_agents.legal_shield_agent) initialize edildi.
[2026-07-26 13:43:50,321] [ContentCreator] INFO: ✅ global_config.json başarıyla yüklendi
[2026-07-26 13:43:50,327] [ContentCreator] INFO: 🚀 ContentCreator başlatılıyor...
[2026-07-26 13:43:50,327] [ContentCreator] INFO: 📁 Agent ID: None
[2026-07-26 13:43:50,327] [ContentCreator] INFO: 📝 İçerik tipi: {}
[2026-07-26 13:43:50,327] [ContentCreator] INFO: 🎯 Varsayılan konu: {}
[2026-07-26 13:43:50,327] [MASTER_CONTROLLER] INFO: ✅ 'ContentCreatorAgent' (trm_agents.content_creator_agent) initialize edildi.
[2026-07-26 13:43:50,327] [utils.config_loader] INFO: Config yüklendi: C:\Users\Habitat\Desktop\SOSYAL _İMECE\config\global_config.json, max ajan sayısı: 165
[2026-07-26 13:43:50,327] [FactCheckerAgent-202] INFO: 🔍 FactCheckerAgent-202 başlatılıyor...
[2026-07-26 13:43:50,327] [FactCheckerAgent-202] INFO: 📚 Resmi veri tabanı yüklendi: 10 kayıt
[2026-07-26 13:43:50,327] [FactCheckerAgent-202] INFO: 🚫 Asılsız iddia veritabanı yüklendi: 5 kayıt
[2026-07-26 13:43:50,327] [MASTER_CONTROLLER] INFO: ✅ 'FactCheckerAgent' (trm_agents.fact_checker_agent) initialize edildi.
[2026-07-26 13:43:50,331] [utils.config_loader] INFO: Config yüklendi: C:\Users\Habitat\Desktop\SOSYAL _İMECE\config\global_config.json, max ajan sayısı: 165
[2026-07-26 13:43:50,331] [MASTER_CONTROLLER] INFO: ✅ 'FinansAgent' (trm_agents.finans_agent) initialize edildi.
[2026-07-26 13:43:50,331] [MASTER_CONTROLLER] INFO: ✅ 'TRMGlobalAffiliateRecruiterAgent' (trm_agents.global_affiliate_recruiter_agent) initialize edildi.
[2026-07-26 13:43:50,331] [MASTER_CONTROLLER] INFO: ✅ 'TRMHumanAuditorAgent' (trm_agents.human_auditor_agent) initialize edildi.
[2026-07-26 13:43:50,332] [utils.config_loader] INFO: Config yüklendi: C:\Users\Habitat\Desktop\SOSYAL _İMECE\config\global_config.json, max ajan sayısı: 165
[2026-07-26 13:43:50,332] [MASTER_CONTROLLER] INFO: ✅ 'IcerikAgent' (trm_agents.icerik_agent) initialize edildi.
[2026-07-26 13:43:50,332] [utils.config_loader] INFO: Config yüklendi: C:\Users\Habitat\Desktop\SOSYAL _İMECE\config\global_config.json, max ajan sayısı: 165
[2026-07-26 13:43:50,332] [LegalShieldAgent-203] INFO: ⚖️ LegalShieldAgent-203 başlatılıyor...
[2026-07-26 13:43:50,332] [LegalShieldAgent-203] INFO: 📜 Hukuki altyapı yüklendi: 6 kayıt
[2026-07-26 13:43:50,332] [LegalShieldAgent-203] INFO: 🚫 Hukuki sınıır iftira türleri: 8
[2026-07-26 13:43:50,332] [MASTER_CONTROLLER] INFO: ✅ 'LegalShieldAgent' (trm_agents.legal_shield_agent) initialize edildi.
[2026-07-26 13:52:41,424] [ContentCreator] INFO: ✅ global_config.json başarıyla yüklendi
[2026-07-26 13:52:41,424] [ContentCreator] INFO: 🚀 ContentCreator başlatılıyor...
[2026-07-26 13:52:41,431] [ContentCreator] INFO: 📁 Agent ID: None
[2026-07-26 13:52:41,431] [ContentCreator] INFO: 📝 İçerik tipi: {}
[2026-07-26 13:52:41,431] [ContentCreator] INFO: 🎯 Varsayılan konu: {}
[2026-07-26 13:52:41,431] [MASTER_CONTROLLER] INFO: ✅ 'ContentCreatorAgent' (trm_agents.content_creator_agent) initialize edildi.
[2026-07-26 13:52:41,432] [utils.config_loader] INFO: Config yüklendi: C:\Users\Habitat\Desktop\SOSYAL _İMECE\config\global_config.json, max ajan sayısı: 165
[2026-07-26 13:52:41,432] [FactCheckerAgent-202] INFO: 🔍 FactCheckerAgent-202 başlatılıyor...
[2026-07-26 13:52:41,432] [FactCheckerAgent-202] INFO: 📚 Resmi veri tabanı yüklendi: 10 kayıt
[2026-07-26 13:52:41,432] [FactCheckerAgent-202] INFO: 🚫 Asılsız iddia veritabanı yüklendi: 5 kayıt
[2026-07-26 13:52:41,432] [MASTER_CONTROLLER] INFO: ✅ 'FactCheckerAgent' (trm_agents.fact_checker_agent) initialize edildi.
[2026-07-26 13:52:41,432] [utils.config_loader] INFO: Config yüklendi: C:\Users\Habitat\Desktop\SOSYAL _İMECE\config\global_config.json, max ajan sayısı: 165
[2026-07-26 13:52:41,432] [MASTER_CONTROLLER] INFO: ✅ 'FinansAgent' (trm_agents.finans_agent) initialize edildi.
[2026-07-26 13:52:41,434] [MASTER_CONTROLLER] INFO: ✅ 'TRMGlobalAffiliateRecruiterAgent' (trm_agents.global_affiliate_recruiter_agent) initialize edildi.
[2026-07-26 13:52:41,434] [MASTER_CONTROLLER] INFO: ✅ 'TRMHumanAuditorAgent' (trm_agents.human_auditor_agent) initialize edildi.
[2026-07-26 13:52:41,434] [utils.config_loader] INFO: Config yüklendi: C:\Users\Habitat\Desktop\SOSYAL _İMECE\config\global_config.json, max ajan sayısı: 165
[2026-07-26 13:52:41,435] [MASTER_CONTROLLER] INFO: ✅ 'IcerikAgent' (trm_agents.icerik_agent) initialize edildi.
[2026-07-26 13:52:41,435] [utils.config_loader] INFO: Config yüklendi: C:\Users\Habitat\Desktop\SOSYAL _İMECE\config\global_config.json, max ajan sayısı: 165
[2026-07-26 13:52:41,435] [LegalShieldAgent-203] INFO: ⚖️ LegalShieldAgent-203 başlatılıyor...
[2026-07-26 13:52:41,435] [LegalShieldAgent-203] INFO: 📜 Hukuki altyapı yüklendi: 6 kayıt
[2026-07-26 13:52:41,436] [LegalShieldAgent-203] INFO: 🚫 Hukuki sınıır iftira türleri: 8
[2026-07-26 13:52:41,436] [MASTER_CONTROLLER] INFO: ✅ 'LegalShieldAgent' (trm_agents.legal_shield_agent) initialize edildi.
[2026-08-29 23:36:28,020] [ContentCreator] INFO: ✅ global_config.json başarıyla yüklendi
[2026-08-29 23:36:28,026] [ContentCreator] INFO: 🚀 ContentCreator başlatılıyor...
[2026-08-29 23:36:28,026] [ContentCreator] INFO: 📁 Agent ID: None
[2026-08-29 23:36:28,026] [ContentCreator] INFO: 📝 İçerik tipi: {}
[2026-08-29 23:36:28,026] [ContentCreator] INFO: 🎯 Varsayılan konu: {}
[2026-08-29 23:36:28,026] [MASTER_CONTROLLER] INFO: ✅ 'ContentCreatorAgent' (trm_agents.content_creator_agent) initialize edildi.
[2026-08-29 23:36:28,026] [utils.config_loader] INFO: Config yüklendi: C:\Users\Habitat\Desktop\SOSYAL _İMECE\config\global_config.json, max ajan sayısı: 200
[2026-08-29 23:36:28,030] [FactCheckerAgent-202] INFO: 🔍 FactCheckerAgent-202 başlatılıyor...
[2026-08-29 23:36:28,030] [FactCheckerAgent-202] INFO: 📚 Resmi veri tabanı yüklendi: 10 kayıt
[2026-08-29 23:36:28,030] [FactCheckerAgent-202] INFO: 🚫 Asılsız iddia veritabanı yüklendi: 5 kayıt
[2026-08-29 23:36:28,031] [MASTER_CONTROLLER] INFO: ✅ 'FactCheckerAgent' (trm_agents.fact_checker_agent) initialize edildi.
[2026-08-29 23:36:28,031] [utils.config_loader] INFO: Config yüklendi: C:\Users\Habitat\Desktop\SOSYAL _İMECE\config\global_config.json, max ajan sayısı: 200
[2026-08-29 23:36:28,032] [MASTER_CONTROLLER] INFO: ✅ 'FinansAgent' (trm_agents.finans_agent) initialize edildi.
[2026-08-29 23:36:28,032] [MASTER_CONTROLLER] INFO: ✅ 'TRMGlobalAffiliateRecruiterAgent' (trm_agents.global_affiliate_recruiter_agent) initialize edildi.
[2026-08-29 23:36:28,032] [MASTER_CONTROLLER] INFO: ✅ 'TRMHumanAuditorAgent' (trm_agents.human_auditor_agent) initialize edildi.
[2026-08-29 23:36:28,034] [utils.config_loader] INFO: Config yüklendi: C:\Users\Habitat\Desktop\SOSYAL _İMECE\config\global_config.json, max ajan sayısı: 200
[2026-08-29 23:36:28,034] [MASTER_CONTROLLER] INFO: ✅ 'IcerikAgent' (trm_agents.icerik_agent) initialize edildi.
[2026-08-29 23:36:28,034] [utils.config_loader] INFO: Config yüklendi: C:\Users\Habitat\Desktop\SOSYAL _İMECE\config\global_config.json, max ajan sayısı: 200
[2026-08-29 23:36:28,035] [LegalShieldAgent-203] INFO: ⚖️ LegalShieldAgent-203 başlatılıyor...
[2026-08-29 23:36:28,035] [LegalShieldAgent-203] INFO: 📜 Hukuki altyapı yüklendi: 6 kayıt
[2026-08-29 23:36:28,035] [LegalShieldAgent-203] INFO: 🚫 Hukuki sınıır iftira türleri: 8
[2026-08-29 23:36:28,035] [MASTER_CONTROLLER] INFO: ✅ 'LegalShieldAgent' (trm_agents.legal_shield_agent) initialize edildi.
[2026-08-31 13:04:50,017] [ContentCreator] INFO: ✅ global_config.json başarıyla yüklendi
[2026-08-31 13:04:50,017] [ContentCreator] INFO: 🚀 ContentCreator başlatılıyor...
[2026-08-31 13:04:50,017] [ContentCreator] INFO: 📁 Agent ID: None
[2026-08-31 13:04:50,017] [ContentCreator] INFO: 📝 İçerik tipi: {}
[2026-08-31 13:04:50,017] [ContentCreator] INFO: 🎯 Varsayılan konu: {}
[2026-08-31 13:04:50,017] [MASTER_CONTROLLER] INFO: ✅ 'ContentCreatorAgent' (trm_agents.content_creator_agent) initialize edildi.
[2026-08-31 13:04:50,017] [utils.config_loader] INFO: Config yüklendi: C:\Users\Habitat\Desktop\SOSYAL _İMECE\config\global_config.json, max ajan sayısı: 200
[2026-08-31 13:04:50,030] [FactCheckerAgent-202] INFO: 🔍 FactCheckerAgent-202 başlatılıyor...
[2026-08-31 13:04:50,032] [FactCheckerAgent-202] INFO: 📚 Resmi veri tabanı yüklendi: 10 kayıt
[2026-08-31 13:04:50,032] [FactCheckerAgent-202] INFO: 🚫 Asılsız iddia veritabanı yüklendi: 5 kayıt
[2026-08-31 13:04:50,032] [MASTER_CONTROLLER] INFO: ✅ 'FactCheckerAgent' (trm_agents.fact_checker_agent) initialize edildi.
[2026-08-31 13:04:50,032] [utils.config_loader] INFO: Config yüklendi: C:\Users\Habitat\Desktop\SOSYAL _İMECE\config\global_config.json, max ajan sayısı: 200
[2026-08-31 13:04:50,032] [MASTER_CONTROLLER] INFO: ✅ 'FinansAgent' (trm_agents.finans_agent) initialize edildi.
[2026-08-31 13:04:50,032] [MASTER_CONTROLLER] INFO: ✅ 'TRMGlobalAffiliateRecruiterAgent' (trm_agents.global_affiliate_recruiter_agent) initialize edildi.
[2026-08-31 13:04:50,032] [MASTER_CONTROLLER] INFO: ✅ 'TRMHumanAuditorAgent' (trm_agents.human_auditor_agent) initialize edildi.
[2026-08-31 13:04:50,032] [utils.config_loader] INFO: Config yüklendi: C:\Users\Habitat\Desktop\SOSYAL _İMECE\config\global_config.json, max ajan sayısı: 200
[2026-08-31 13:04:50,032] [MASTER_CONTROLLER] INFO: ✅ 'IcerikAgent' (trm_agents.icerik_agent) initialize edildi.
[2026-08-31 13:04:50,032] [utils.config_loader] INFO: Config yüklendi: C:\Users\Habitat\Desktop\SOSYAL _İMECE\config\global_config.json, max ajan sayısı: 200
[2026-08-31 13:04:50,032] [LegalShieldAgent-203] INFO: ⚖️ LegalShieldAgent-203 başlatılıyor...
[2026-08-31 13:04:50,032] [LegalShieldAgent-203] INFO: 📜 Hukuki altyapı yüklendi: 6 kayıt
[2026-08-31 13:04:50,032] [LegalShieldAgent-203] INFO: 🚫 Hukuki sınıır iftira türleri: 8
[2026-08-31 13:04:50,032] [MASTER_CONTROLLER] INFO: ✅ 'LegalShieldAgent' (trm_agents.legal_shield_agent) initialize edildi.
[2026-08-31 23:48:36,331] [ContentCreator] INFO: ✅ global_config.json başarıyla yüklendi
[2026-08-31 23:48:36,331] [ContentCreator] INFO: 🚀 ContentCreator başlatılıyor...
[2026-08-31 23:48:36,331] [ContentCreator] INFO: 📁 Agent ID: None
[2026-08-31 23:48:36,331] [ContentCreator] INFO: 📝 İçerik tipi: {}
[2026-08-31 23:48:36,331] [ContentCreator] INFO: 🎯 Varsayılan konu: {}
[2026-08-31 23:48:36,331] [MASTER_CONTROLLER] INFO: ✅ 'ContentCreatorAgent' (trm_agents.content_creator_agent) initialize edildi.
[2026-08-31 23:48:36,331] [utils.config_loader] INFO: Config yüklendi: C:\Users\Habitat\Desktop\SOSYAL _İMECE\config\global_config.json, max ajan sayısı: 200
[2026-08-31 23:48:36,336] [FactCheckerAgent-202] INFO: 🔍 FactCheckerAgent-202 başlatılıyor...
[2026-08-31 23:48:36,336] [FactCheckerAgent-202] INFO: 📚 Resmi veri tabanı yüklendi: 10 kayıt
[2026-08-31 23:48:36,337] [FactCheckerAgent-202] INFO: 🚫 Asılsız iddia veritabanı yüklendi: 5 kayıt
[2026-08-31 23:48:36,337] [MASTER_CONTROLLER] INFO: ✅ 'FactCheckerAgent' (trm_agents.fact_checker_agent) initialize edildi.
[2026-08-31 23:48:36,337] [utils.config_loader] INFO: Config yüklendi: C:\Users\Habitat\Desktop\SOSYAL _İMECE\config\global_config.json, max ajan sayısı: 200
[2026-08-31 23:48:36,337] [MASTER_CONTROLLER] INFO: ✅ 'FinansAgent' (trm_agents.finans_agent) initialize edildi.
[2026-08-31 23:48:36,337] [MASTER_CONTROLLER] INFO: ✅ 'TRMGlobalAffiliateRecruiterAgent' (trm_agents.global_affiliate_recruiter_agent) initialize edildi.
[2026-08-31 23:48:36,337] [MASTER_CONTROLLER] INFO: ✅ 'TRMHumanAuditorAgent' (trm_agents.human_auditor_agent) initialize edildi.
[2026-08-31 23:48:36,337] [utils.config_loader] INFO: Config yüklendi: C:\Users\Habitat\Desktop\SOSYAL _İMECE\config\global_config.json, max ajan sayısı: 200
[2026-08-31 23:48:36,337] [MASTER_CONTROLLER] INFO: ✅ 'IcerikAgent' (trm_agents.icerik_agent) initialize edildi.
[2026-08-31 23:48:36,337] [utils.config_loader] INFO: Config yüklendi: C:\Users\Habitat\Desktop\SOSYAL _İMECE\config\global_config.json, max ajan sayısı: 200
[2026-08-31 23:48:36,337] [LegalShieldAgent-203] INFO: ⚖️ LegalShieldAgent-203 başlatılıyor...
[2026-08-31 23:48:36,337] [LegalShieldAgent-203] INFO: 📜 Hukuki altyapı yüklendi: 6 kayıt
[2026-08-31 23:48:36,337] [LegalShieldAgent-203] INFO: 🚫 Hukuki sınıır iftira türleri: 8
[2026-08-31 23:48:36,337] [MASTER_CONTROLLER] INFO: ✅ 'LegalShieldAgent' (trm_agents.legal_shield_agent) initialize edildi.
[2026-08-31 23:57:35,053] [ContentCreator] INFO: ✅ global_config.json başarıyla yüklendi
[2026-08-31 23:57:35,053] [ContentCreator] INFO: 🚀 ContentCreator başlatılıyor...
[2026-08-31 23:57:35,053] [ContentCreator] INFO: 📁 Agent ID: None
[2026-08-31 23:57:35,053] [ContentCreator] INFO: 📝 İçerik tipi: {}
[2026-08-31 23:57:35,053] [ContentCreator] INFO: 🎯 Varsayılan konu: {}
[2026-08-31 23:57:35,053] [MASTER_CONTROLLER] INFO: ✅ 'ContentCreatorAgent' (trm_agents.content_creator_agent) initialize edildi.
[2026-08-31 23:57:35,053] [utils.config_loader] INFO: Config yüklendi: C:\Users\Habitat\Desktop\SOSYAL _İMECE\config\global_config.json, max ajan sayısı: 200
[2026-08-31 23:57:35,053] [FactCheckerAgent-202] INFO: 🔍 FactCheckerAgent-202 başlatılıyor...
[2026-08-31 23:57:35,053] [FactCheckerAgent-202] INFO: 📚 Resmi veri tabanı yüklendi: 10 kayıt
[2026-08-31 23:57:35,053] [FactCheckerAgent-202] INFO: 🚫 Asılsız iddia veritabanı yüklendi: 5 kayıt
[2026-08-31 23:57:35,053] [MASTER_CONTROLLER] INFO: ✅ 'FactCheckerAgent' (trm_agents.fact_checker_agent) initialize edildi.
[2026-08-31 23:57:35,059] [utils.config_loader] INFO: Config yüklendi: C:\Users\Habitat\Desktop\SOSYAL _İMECE\config\global_config.json, max ajan sayısı: 200
[2026-08-31 23:57:35,059] [MASTER_CONTROLLER] INFO: ✅ 'FinansAgent' (trm_agents.finans_agent) initialize edildi.
[2026-08-31 23:57:35,059] [MASTER_CONTROLLER] INFO: ✅ 'TRMGlobalAffiliateRecruiterAgent' (trm_agents.global_affiliate_recruiter_agent) initialize edildi.
[2026-08-31 23:57:35,059] [MASTER_CONTROLLER] INFO: ✅ 'TRMHumanAuditorAgent' (trm_agents.human_auditor_agent) initialize edildi.
[2026-08-31 23:57:35,059] [utils.config_loader] INFO: Config yüklendi: C:\Users\Habitat\Desktop\SOSYAL _İMECE\config\global_config.json, max ajan sayısı: 200
[2026-08-31 23:57:35,059] [MASTER_CONTROLLER] INFO: ✅ 'IcerikAgent' (trm_agents.icerik_agent) initialize edildi.
[2026-08-31 23:57:35,059] [utils.config_loader] INFO: Config yüklendi: C:\Users\Habitat\Desktop\SOSYAL _İMECE\config\global_config.json, max ajan sayısı: 200
[2026-08-31 23:57:35,059] [LegalShieldAgent-203] INFO: ⚖️ LegalShieldAgent-203 başlatılıyor...
[2026-08-31 23:57:35,059] [LegalShieldAgent-203] INFO: 📜 Hukuki altyapı yüklendi: 6 kayıt
[2026-08-31 23:57:35,062] [LegalShieldAgent-203] INFO: 🚫 Hukuki sınıır iftira türleri: 8
[2026-08-31 23:57:35,062] [MASTER_CONTROLLER] INFO: ✅ 'LegalShieldAgent' (trm_agents.legal_shield_agent) initialize edildi.
[2026-09-01 00:15:28,522] [ContentCreator] INFO: ✅ global_config.json başarıyla yüklendi
[2026-09-01 00:15:28,522] [ContentCreator] INFO: 🚀 ContentCreator başlatılıyor...
[2026-09-01 00:15:28,522] [ContentCreator] INFO: 📁 Agent ID: None
[2026-09-01 00:15:28,522] [ContentCreator] INFO: 📝 İçerik tipi: {}
[2026-09-01 00:15:28,522] [ContentCreator] INFO: 🎯 Varsayılan konu: {}
[2026-09-01 00:15:28,522] [MASTER_CONTROLLER] INFO: ✅ 'ContentCreatorAgent' (trm_agents.content_creator_agent) initialize edildi.
[2026-09-01 00:15:28,522] [utils.config_loader] INFO: Config yüklendi: C:\Users\Habitat\Desktop\SOSYAL _İMECE\config\global_config.json, max ajan sayısı: 200
[2026-09-01 00:15:28,522] [FactCheckerAgent-202] INFO: 🔍 FactCheckerAgent-202 başlatılıyor...
[2026-09-01 00:15:28,522] [FactCheckerAgent-202] INFO: 📚 Resmi veri tabanı yüklendi: 10 kayıt
[2026-09-01 00:15:28,522] [FactCheckerAgent-202] INFO: 🚫 Asılsız iddia veritabanı yüklendi: 5 kayıt
[2026-09-01 00:15:28,522] [MASTER_CONTROLLER] INFO: ✅ 'FactCheckerAgent' (trm_agents.fact_checker_agent) initialize edildi.
[2026-09-01 00:15:28,522] [utils.config_loader] INFO: Config yüklendi: C:\Users\Habitat\Desktop\SOSYAL _İMECE\config\global_config.json, max ajan sayısı: 200
[2026-09-01 00:15:28,522] [MASTER_CONTROLLER] INFO: ✅ 'FinansAgent' (trm_agents.finans_agent) initialize edildi.
[2026-09-01 00:15:28,522] [MASTER_CONTROLLER] INFO: ✅ 'TRMGlobalAffiliateRecruiterAgent' (trm_agents.global_affiliate_recruiter_agent) initialize edildi.
[2026-09-01 00:15:28,522] [MASTER_CONTROLLER] INFO: ✅ 'TRMHumanAuditorAgent' (trm_agents.human_auditor_agent) initialize edildi.
[2026-09-01 00:15:28,522] [utils.config_loader] INFO: Config yüklendi: C:\Users\Habitat\Desktop\SOSYAL _İMECE\config\global_config.json, max ajan sayısı: 200
[2026-09-01 00:15:28,522] [MASTER_CONTROLLER] INFO: ✅ 'IcerikAgent' (trm_agents.icerik_agent) initialize edildi.
[2026-09-01 00:15:28,522] [utils.config_loader] INFO: Config yüklendi: C:\Users\Habitat\Desktop\SOSYAL _İMECE\config\global_config.json, max ajan sayısı: 200
[2026-09-01 00:15:28,522] [LegalShieldAgent-203] INFO: ⚖️ LegalShieldAgent-203 başlatılıyor...
[2026-09-01 00:15:28,522] [LegalShieldAgent-203] INFO: 📜 Hukuki altyapı yüklendi: 6 kayıt
[2026-09-01 00:15:28,526] [LegalShieldAgent-203] INFO: 🚫 Hukuki sınıır iftira türleri: 8
[2026-09-01 00:15:28,526] [MASTER_CONTROLLER] INFO: ✅ 'LegalShieldAgent' (trm_agents.legal_shield_agent) initialize edildi.
[2026-09-01 00:25:31,074] [ContentCreator] INFO: ✅ global_config.json başarıyla yüklendi
[2026-09-01 00:25:31,074] [ContentCreator] INFO: 🚀 ContentCreator başlatılıyor...
[2026-09-01 00:25:31,074] [ContentCreator] INFO: 📁 Agent ID: None
[2026-09-01 00:25:31,074] [ContentCreator] INFO: 📝 İçerik tipi: {}
[2026-09-01 00:25:31,074] [ContentCreator] INFO: 🎯 Varsayılan konu: {}
[2026-09-01 00:25:31,074] [MASTER_CONTROLLER] INFO: ✅ 'ContentCreatorAgent' (trm_agents.content_creator_agent) initialize edildi.
[2026-09-01 00:25:31,074] [utils.config_loader] INFO: Config yüklendi: C:\Users\Habitat\Desktop\SOSYAL _İMECE\config\global_config.json, max ajan sayısı: 200
[2026-09-01 00:25:31,074] [FactCheckerAgent-202] INFO: 🔍 FactCheckerAgent-202 başlatılıyor...
[2026-09-01 00:25:31,074] [FactCheckerAgent-202] INFO: 📚 Resmi veri tabanı yüklendi: 10 kayıt
[2026-09-01 00:25:31,079] [FactCheckerAgent-202] INFO: 🚫 Asılsız iddia veritabanı yüklendi: 5 kayıt
[2026-09-01 00:25:31,079] [MASTER_CONTROLLER] INFO: ✅ 'FactCheckerAgent' (trm_agents.fact_checker_agent) initialize edildi.
[2026-09-01 00:25:31,079] [utils.config_loader] INFO: Config yüklendi: C:\Users\Habitat\Desktop\SOSYAL _İMECE\config\global_config.json, max ajan sayısı: 200
[2026-09-01 00:25:31,079] [MASTER_CONTROLLER] INFO: ✅ 'FinansAgent' (trm_agents.finans_agent) initialize edildi.
[2026-09-01 00:25:31,079] [MASTER_CONTROLLER] INFO: ✅ 'TRMGlobalAffiliateRecruiterAgent' (trm_agents.global_affiliate_recruiter_agent) initialize edildi.
[2026-09-01 00:25:31,079] [MASTER_CONTROLLER] INFO: ✅ 'TRMHumanAuditorAgent' (trm_agents.human_auditor_agent) initialize edildi.
[2026-09-01 00:25:31,079] [utils.config_loader] INFO: Config yüklendi: C:\Users\Habitat\Desktop\SOSYAL _İMECE\config\global_config.json, max ajan sayısı: 200
[2026-09-01 00:25:31,079] [MASTER_CONTROLLER] INFO: ✅ 'IcerikAgent' (trm_agents.icerik_agent) initialize edildi.
[2026-09-01 00:25:31,079] [utils.config_loader] INFO: Config yüklendi: C:\Users\Habitat\Desktop\SOSYAL _İMECE\config\global_config.json, max ajan sayısı: 200
[2026-09-01 00:25:31,079] [LegalShieldAgent-203] INFO: ⚖️ LegalShieldAgent-203 başlatılıyor...
[2026-09-01 00:25:31,079] [LegalShieldAgent-203] INFO: 📜 Hukuki altyapı yüklendi: 6 kayıt
[2026-09-01 00:25:31,079] [LegalShieldAgent-203] INFO: 🚫 Hukuki sınıır iftira türleri: 8
[2026-09-01 00:25:31,079] [MASTER_CONTROLLER] INFO: ✅ 'LegalShieldAgent' (trm_agents.legal_shield_agent) initialize edildi.
[2026-09-01 00:30:41,059] [ContentCreator] INFO: ✅ global_config.json başarıyla yüklendi
[2026-09-01 00:30:41,059] [ContentCreator] INFO: 🚀 ContentCreator başlatılıyor...
[2026-09-01 00:30:41,059] [ContentCreator] INFO: 📁 Agent ID: None
[2026-09-01 00:30:41,059] [ContentCreator] INFO: 📝 İçerik tipi: {}
[2026-09-01 00:30:41,059] [ContentCreator] INFO: 🎯 Varsayılan konu: {}
[2026-09-01 00:30:41,063] [MASTER_CONTROLLER] INFO: ✅ 'ContentCreatorAgent' (trm_agents.content_creator_agent) initialize edildi.
[2026-09-01 00:30:41,063] [utils.config_loader] INFO: Config yüklendi: C:\Users\Habitat\Desktop\SOSYAL _İMECE\config\global_config.json, max ajan sayısı: 200
[2026-09-01 00:30:41,063] [FactCheckerAgent-202] INFO: 🔍 FactCheckerAgent-202 başlatılıyor...
[2026-09-01 00:30:41,063] [FactCheckerAgent-202] INFO: 📚 Resmi veri tabanı yüklendi: 10 kayıt
[2026-09-01 00:30:41,063] [FactCheckerAgent-202] INFO: 🚫 Asılsız iddia veritabanı yüklendi: 5 kayıt
[2026-09-01 00:30:41,063] [MASTER_CONTROLLER] INFO: ✅ 'FactCheckerAgent' (trm_agents.fact_checker_agent) initialize edildi.
[2026-09-01 00:30:41,063] [utils.config_loader] INFO: Config yüklendi: C:\Users\Habitat\Desktop\SOSYAL _İMECE\config\global_config.json, max ajan sayısı: 200
[2026-09-01 00:30:41,063] [MASTER_CONTROLLER] INFO: ✅ 'FinansAgent' (trm_agents.finans_agent) initialize edildi.
[2026-09-01 00:30:41,063] [MASTER_CONTROLLER] INFO: ✅ 'TRMGlobalAffiliateRecruiterAgent' (trm_agents.global_affiliate_recruiter_agent) initialize edildi.
[2026-09-01 00:30:41,063] [MASTER_CONTROLLER] INFO: ✅ 'TRMHumanAuditorAgent' (trm_agents.human_auditor_agent) initialize edildi.
[2026-09-01 00:30:41,063] [utils.config_loader] INFO: Config yüklendi: C:\Users\Habitat\Desktop\SOSYAL _İMECE\config\global_config.json, max ajan sayısı: 200
[2026-09-01 00:30:41,063] [MASTER_CONTROLLER] INFO: ✅ 'IcerikAgent' (trm_agents.icerik_agent) initialize edildi.
[2026-09-01 00:30:41,063] [utils.config_loader] INFO: Config yüklendi: C:\Users\Habitat\Desktop\SOSYAL _İMECE\config\global_config.json, max ajan sayısı: 200
[2026-09-01 00:30:41,066] [LegalShieldAgent-203] INFO: ⚖️ LegalShieldAgent-203 başlatılıyor...
[2026-09-01 00:30:41,066] [LegalShieldAgent-203] INFO: 📜 Hukuki altyapı yüklendi: 6 kayıt
[2026-09-01 00:30:41,066] [LegalShieldAgent-203] INFO: 🚫 Hukuki sınıır iftira türleri: 8
[2026-09-01 00:30:41,066] [MASTER_CONTROLLER] INFO: ✅ 'LegalShieldAgent' (trm_agents.legal_shield_agent) initialize edildi.
[2026-09-01 00:32:30,272] [ContentCreator] INFO: ✅ global_config.json başarıyla yüklendi
[2026-09-01 00:32:30,272] [ContentCreator] INFO: 🚀 ContentCreator başlatılıyor...
[2026-09-01 00:32:30,272] [ContentCreator] INFO: 📁 Agent ID: None
[2026-09-01 00:32:30,272] [ContentCreator] INFO: 📝 İçerik tipi: {}
[2026-09-01 00:32:30,272] [ContentCreator] INFO: 🎯 Varsayılan konu: {}
[2026-09-01 00:32:30,272] [MASTER_CONTROLLER] INFO: ✅ 'ContentCreatorAgent' (trm_agents.content_creator_agent) initialize edildi.
[2026-09-01 00:32:30,272] [utils.config_loader] INFO: Config yüklendi: C:\Users\Habitat\Desktop\SOSYAL _İMECE\config\global_config.json, max ajan sayısı: 200
[2026-09-01 00:32:30,272] [FactCheckerAgent-202] INFO: 🔍 FactCheckerAgent-202 başlatılıyor...
[2026-09-01 00:32:30,272] [FactCheckerAgent-202] INFO: 📚 Resmi veri tabanı yüklendi: 10 kayıt
[2026-09-01 00:32:30,272] [FactCheckerAgent-202] INFO: 🚫 Asılsız iddia veritabanı yüklendi: 5 kayıt
[2026-09-01 00:32:30,272] [MASTER_CONTROLLER] INFO: ✅ 'FactCheckerAgent' (trm_agents.fact_checker_agent) initialize edildi.
[2026-09-01 00:32:30,272] [utils.config_loader] INFO: Config yüklendi: C:\Users\Habitat\Desktop\SOSYAL _İMECE\config\global_config.json, max ajan sayısı: 200
[2026-09-01 00:32:30,272] [MASTER_CONTROLLER] INFO: ✅ 'FinansAgent' (trm_agents.finans_agent) initialize edildi.
[2026-09-01 00:32:30,272] [MASTER_CONTROLLER] INFO: ✅ 'TRMGlobalAffiliateRecruiterAgent' (trm_agents.global_affiliate_recruiter_agent) initialize edildi.
[2026-09-01 00:32:30,272] [MASTER_CONTROLLER] INFO: ✅ 'TRMHumanAuditorAgent' (trm_agents.human_auditor_agent) initialize edildi.
[2026-09-01 00:32:30,272] [utils.config_loader] INFO: Config yüklendi: C:\Users\Habitat\Desktop\SOSYAL _İMECE\config\global_config.json, max ajan sayısı: 200
[2026-09-01 00:32:30,272] [MASTER_CONTROLLER] INFO: ✅ 'IcerikAgent' (trm_agents.icerik_agent) initialize edildi.
[2026-09-01 00:32:30,272] [utils.config_loader] INFO: Config yüklendi: C:\Users\Habitat\Desktop\SOSYAL _İMECE\config\global_config.json, max ajan sayısı: 200
[2026-09-01 00:32:30,272] [LegalShieldAgent-203] INFO: ⚖️ LegalShieldAgent-203 başlatılıyor...
[2026-09-01 00:32:30,272] [LegalShieldAgent-203] INFO: 📜 Hukuki altyapı yüklendi: 6 kayıt
[2026-09-01 00:32:30,272] [LegalShieldAgent-203] INFO: 🚫 Hukuki sınıır iftira türleri: 8
[2026-09-01 00:32:30,272] [MASTER_CONTROLLER] INFO: ✅ 'LegalShieldAgent' (trm_agents.legal_shield_agent) initialize edildi.
[2026-09-02 15:27:50,239] [ContentCreator] INFO: ✅ global_config.json başarıyla yüklendi
[2026-09-02 15:27:50,242] [ContentCreator] INFO: 🚀 ContentCreator başlatılıyor...
[2026-09-02 15:27:50,242] [ContentCreator] INFO: 📁 Agent ID: None
[2026-09-02 15:27:50,242] [ContentCreator] INFO: 📝 İçerik tipi: {}
[2026-09-02 15:27:50,242] [ContentCreator] INFO: 🎯 Varsayılan konu: {}
[2026-09-02 15:27:50,242] [MASTER_CONTROLLER] INFO: ✅ 'ContentCreatorAgent' (trm_agents.content_creator_agent) initialize edildi.
[2026-09-02 15:27:50,243] [utils.config_loader] INFO: Config yüklendi: C:\Users\Habitat\Desktop\SOSYAL _İMECE\config\global_config.json, max ajan sayısı: 200
[2026-09-02 15:27:50,244] [FactCheckerAgent-202] INFO: 🔍 FactCheckerAgent-202 başlatılıyor...
[2026-09-02 15:27:50,244] [FactCheckerAgent-202] INFO: 📚 Resmi veri tabanı yüklendi: 10 kayıt
[2026-09-02 15:27:50,244] [FactCheckerAgent-202] INFO: 🚫 Asılsız iddia veritabanı yüklendi: 5 kayıt
[2026-09-02 15:27:50,244] [MASTER_CONTROLLER] INFO: ✅ 'FactCheckerAgent' (trm_agents.fact_checker_agent) initialize edildi.
[2026-09-02 15:27:50,245] [utils.config_loader] INFO: Config yüklendi: C:\Users\Habitat\Desktop\SOSYAL _İMECE\config\global_config.json, max ajan sayısı: 200
[2026-09-02 15:27:50,246] [MASTER_CONTROLLER] INFO: ✅ 'FinansAgent' (trm_agents.finans_agent) initialize edildi.
[2026-09-02 15:27:50,246] [MASTER_CONTROLLER] INFO: ✅ 'TRMGlobalAffiliateRecruiterAgent' (trm_agents.global_affiliate_recruiter_agent) initialize edildi.
[2026-09-02 15:27:50,246] [MASTER_CONTROLLER] INFO: ✅ 'TRMHumanAuditorAgent' (trm_agents.human_auditor_agent) initialize edildi.
[2026-09-02 15:27:50,247] [utils.config_loader] INFO: Config yüklendi: C:\Users\Habitat\Desktop\SOSYAL _İMECE\config\global_config.json, max ajan sayısı: 200
[2026-09-02 15:27:50,247] [MASTER_CONTROLLER] INFO: ✅ 'IcerikAgent' (trm_agents.icerik_agent) initialize edildi.
[2026-09-02 15:27:50,247] [utils.config_loader] INFO: Config yüklendi: C:\Users\Habitat\Desktop\SOSYAL _İMECE\config\global_config.json, max ajan sayısı: 200
[2026-09-02 15:27:50,248] [LegalShieldAgent-203] INFO: ⚖️ LegalShieldAgent-203 başlatılıyor...
[2026-09-02 15:27:50,249] [LegalShieldAgent-203] INFO: 📜 Hukuki altyapı yüklendi: 6 kayıt
[2026-09-02 15:27:50,249] [LegalShieldAgent-203] INFO: 🚫 Hukuki sınıır iftira türleri: 8
[2026-09-02 15:27:50,249] [MASTER_CONTROLLER] INFO: ✅ 'LegalShieldAgent' (trm_agents.legal_shield_agent) initialize edildi.
[2026-09-02 15:40:54,554] [ContentCreator] INFO: ✅ global_config.json başarıyla yüklendi
[2026-09-02 15:40:54,555] [ContentCreator] INFO: 🚀 ContentCreator başlatılıyor...
[2026-09-02 15:40:54,555] [ContentCreator] INFO: 📁 Agent ID: None
[2026-09-02 15:40:54,555] [ContentCreator] INFO: 📝 İçerik tipi: {}
[2026-09-02 15:40:54,555] [ContentCreator] INFO: 🎯 Varsayılan konu: {}
[2026-09-02 15:40:54,555] [MASTER_CONTROLLER] INFO: ✅ 'ContentCreatorAgent' (trm_agents.content_creator_agent) initialize edildi.
[2026-09-02 15:40:54,556] [utils.config_loader] INFO: Config yüklendi: C:\Users\Habitat\Desktop\SOSYAL _İMECE\config\global_config.json, max ajan sayısı: 200
[2026-09-02 15:40:54,556] [FactCheckerAgent-202] INFO: 🔍 FactCheckerAgent-202 başlatılıyor...
[2026-09-02 15:40:54,556] [FactCheckerAgent-202] INFO: 📚 Resmi veri tabanı yüklendi: 10 kayıt
[2026-09-02 15:40:54,557] [FactCheckerAgent-202] INFO: 🚫 Asılsız iddia veritabanı yüklendi: 5 kayıt
[2026-09-02 15:40:54,557] [MASTER_CONTROLLER] INFO: ✅ 'FactCheckerAgent' (trm_agents.fact_checker_agent) initialize edildi.
[2026-09-02 15:40:54,557] [utils.config_loader] INFO: Config yüklendi: C:\Users\Habitat\Desktop\SOSYAL _İMECE\config\global_config.json, max ajan sayısı: 200
[2026-09-02 15:40:54,557] [MASTER_CONTROLLER] INFO: ✅ 'FinansAgent' (trm_agents.finans_agent) initialize edildi.
[2026-09-02 15:40:54,558] [MASTER_CONTROLLER] INFO: ✅ 'TRMGlobalAffiliateRecruiterAgent' (trm_agents.global_affiliate_recruiter_agent) initialize edildi.
[2026-09-02 15:40:54,558] [MASTER_CONTROLLER] INFO: ✅ 'TRMHumanAuditorAgent' (trm_agents.human_auditor_agent) initialize edildi.
[2026-09-02 15:40:54,558] [utils.config_loader] INFO: Config yüklendi: C:\Users\Habitat\Desktop\SOSYAL _İMECE\config\global_config.json, max ajan sayısı: 200
[2026-09-02 15:40:54,558] [MASTER_CONTROLLER] INFO: ✅ 'IcerikAgent' (trm_agents.icerik_agent) initialize edildi.
[2026-09-02 15:40:54,558] [utils.config_loader] INFO: Config yüklendi: C:\Users\Habitat\Desktop\SOSYAL _İMECE\config\global_config.json, max ajan sayısı: 200
[2026-09-02 15:40:54,559] [LegalShieldAgent-203] INFO: ⚖️ LegalShieldAgent-203 başlatılıyor...
[2026-09-02 15:40:54,560] [LegalShieldAgent-203] INFO: 📜 Hukuki altyapı yüklendi: 6 kayıt
[2026-09-02 15:40:54,560] [LegalShieldAgent-203] INFO: 🚫 Hukuki sınıır iftira türleri: 8
[2026-09-02 15:40:54,560] [MASTER_CONTROLLER] INFO: ✅ 'LegalShieldAgent' (trm_agents.legal_shield_agent) initialize edildi.
